Vivado Simulator 2018.3
Copyright 1986-1999, 2001-2018 Xilinx, Inc. All Rights Reserved.
Running: C:/Vivado/2018.3/bin/unwrapped/win64.o/xelab.exe -wto 4932ffe9beab4d129b21964b3d6cd324 --incr --debug typical --relax --mt 2 -L xil_defaultlib -L unisims_ver -L unimacro_ver -L secureip --snapshot pipe_mips_behav xil_defaultlib.pipe_mips xil_defaultlib.glbl -log elaborate.log 
Using 2 slave threads.
Starting static elaboration
Completed static elaboration
Starting simulation data flow analysis
Completed simulation data flow analysis
Time Resolution for simulation is 1ps
Compiling module xil_defaultlib.Register1
Compiling module xil_defaultlib.pc_4
Compiling module xil_defaultlib.I_Memory
Compiling module xil_defaultlib.Mux3_32
Compiling module xil_defaultlib.IF_Stage
Compiling module xil_defaultlib.Control
Compiling module xil_defaultlib.Register1_2
Compiling module xil_defaultlib.Register1_5
Compiling module xil_defaultlib.Register32
Compiling module xil_defaultlib.SignExtender
Compiling module xil_defaultlib.Register1_26
Compiling module xil_defaultlib.ID_Stage
Compiling module xil_defaultlib.ALU_con
Compiling module xil_defaultlib.JR_con
Compiling module xil_defaultlib.Register1_1
Compiling module xil_defaultlib.ALU
Compiling module xil_defaultlib.Branch_adder
Compiling module xil_defaultlib.Shift2_28
Compiling module xil_defaultlib.Shift2_32
Compiling module xil_defaultlib.Mux2_32A
Compiling module xil_defaultlib.Mux2_32
Compiling module xil_defaultlib.Mux2_5A
Compiling module xil_defaultlib.Mux2_5
Compiling module xil_defaultlib.EX_Stage
Compiling module xil_defaultlib.D_Memory
Compiling module xil_defaultlib.MEM_Stage
Compiling module xil_defaultlib.WB_Stage
Compiling module xil_defaultlib.pipe_mips
Compiling module xil_defaultlib.glbl
Built simulation snapshot pipe_mips_behav
