INFO: [VRFC 10-2263] Analyzing Verilog file "C:/Users/sunfl/verilog/MIPS/MIPS.srcs/sources_1/new/ALU.v" into library xil_defaultlib
INFO: [VRFC 10-311] analyzing module ALU
INFO: [VRFC 10-2263] Analyzing Verilog file "C:/Users/sunfl/verilog/MIPS/MIPS.srcs/sources_1/new/ALU_con.v" into library xil_defaultlib
INFO: [VRFC 10-311] analyzing module ALU_con
INFO: [VRFC 10-2263] Analyzing Verilog file "C:/Users/sunfl/verilog/MIPS/MIPS.srcs/sources_1/new/Control.v" into library xil_defaultlib
INFO: [VRFC 10-311] analyzing module Control
INFO: [VRFC 10-2263] Analyzing Verilog file "C:/Users/sunfl/verilog/MIPS/MIPS.srcs/sources_1/new/D_Memory.v" into library xil_defaultlib
INFO: [VRFC 10-311] analyzing module D_Memory
INFO: [VRFC 10-2263] Analyzing Verilog file "C:/Users/sunfl/verilog/MIPS/MIPS.srcs/sources_1/new/EX_Stage.v" into library xil_defaultlib
INFO: [VRFC 10-311] analyzing module EX_Stage
INFO: [VRFC 10-2263] Analyzing Verilog file "C:/Users/sunfl/verilog/MIPS/MIPS.srcs/sources_1/new/ID_Stage.v" into library xil_defaultlib
INFO: [VRFC 10-311] analyzing module ID_Stage
INFO: [VRFC 10-2263] Analyzing Verilog file "C:/Users/sunfl/verilog/MIPS/MIPS.srcs/sources_1/new/IF_Stage.v" into library xil_defaultlib
INFO: [VRFC 10-311] analyzing module IF_Stage
INFO: [VRFC 10-2263] Analyzing Verilog file "C:/Users/sunfl/verilog/MIPS/MIPS.srcs/sources_1/new/I_Memory.v" into library xil_defaultlib
INFO: [VRFC 10-311] analyzing module I_Memory
INFO: [VRFC 10-2263] Analyzing Verilog file "C:/Users/sunfl/verilog/MIPS/MIPS.srcs/sources_1/new/JR_con.v" into library xil_defaultlib
INFO: [VRFC 10-311] analyzing module JR_con
INFO: [VRFC 10-2263] Analyzing Verilog file "C:/Users/sunfl/verilog/MIPS/MIPS.srcs/sources_1/new/MEM_Stage.v" into library xil_defaultlib
INFO: [VRFC 10-311] analyzing module MEM_Stage
INFO: [VRFC 10-2263] Analyzing Verilog file "C:/Users/sunfl/verilog/MIPS/MIPS.srcs/sources_1/new/Mux2_32.v" into library xil_defaultlib
INFO: [VRFC 10-311] analyzing module Mux2_32
INFO: [VRFC 10-2263] Analyzing Verilog file "C:/Users/sunfl/verilog/MIPS/MIPS.srcs/sources_1/new/Mux2_32A.v" into library xil_defaultlib
INFO: [VRFC 10-311] analyzing module Mux2_32A
INFO: [VRFC 10-2263] Analyzing Verilog file "C:/Users/sunfl/verilog/MIPS/MIPS.srcs/sources_1/new/Mux2_5.v" into library xil_defaultlib
INFO: [VRFC 10-311] analyzing module Mux2_5
INFO: [VRFC 10-2263] Analyzing Verilog file "C:/Users/sunfl/verilog/MIPS/MIPS.srcs/sources_1/new/Mux2_5A.v" into library xil_defaultlib
INFO: [VRFC 10-311] analyzing module Mux2_5A
INFO: [VRFC 10-2263] Analyzing Verilog file "C:/Users/sunfl/verilog/MIPS/MIPS.srcs/sources_1/new/Mux3_32.v" into library xil_defaultlib
INFO: [VRFC 10-311] analyzing module Mux3_32
INFO: [VRFC 10-2263] Analyzing Verilog file "C:/Users/sunfl/verilog/MIPS/MIPS.srcs/sources_1/new/Register1.v" into library xil_defaultlib
INFO: [VRFC 10-311] analyzing module Register1
INFO: [VRFC 10-2263] Analyzing Verilog file "C:/Users/sunfl/verilog/MIPS/MIPS.srcs/sources_1/new/Register1_1.v" into library xil_defaultlib
INFO: [VRFC 10-311] analyzing module Register1_1
INFO: [VRFC 10-2263] Analyzing Verilog file "C:/Users/sunfl/verilog/MIPS/MIPS.srcs/sources_1/new/Register1_2.v" into library xil_defaultlib
INFO: [VRFC 10-311] analyzing module Register1_2
INFO: [VRFC 10-2263] Analyzing Verilog file "C:/Users/sunfl/verilog/MIPS/MIPS.srcs/sources_1/new/Register1_26.v" into library xil_defaultlib
INFO: [VRFC 10-311] analyzing module Register1_26
INFO: [VRFC 10-2263] Analyzing Verilog file "C:/Users/sunfl/verilog/MIPS/MIPS.srcs/sources_1/new/Register1_5.v" into library xil_defaultlib
INFO: [VRFC 10-311] analyzing module Register1_5
INFO: [VRFC 10-2263] Analyzing Verilog file "C:/Users/sunfl/verilog/MIPS/MIPS.srcs/sources_1/new/Register32.v" into library xil_defaultlib
INFO: [VRFC 10-311] analyzing module Register32
INFO: [VRFC 10-2263] Analyzing Verilog file "C:/Users/sunfl/verilog/MIPS/MIPS.srcs/sources_1/new/Shift2_28.v" into library xil_defaultlib
INFO: [VRFC 10-311] analyzing module Shift2_28
INFO: [VRFC 10-2263] Analyzing Verilog file "C:/Users/sunfl/verilog/MIPS/MIPS.srcs/sources_1/new/Shift2_32.v" into library xil_defaultlib
INFO: [VRFC 10-311] analyzing module Shift2_32
INFO: [VRFC 10-2263] Analyzing Verilog file "C:/Users/sunfl/verilog/MIPS/MIPS.srcs/sources_1/new/SignExtender.v" into library xil_defaultlib
INFO: [VRFC 10-311] analyzing module SignExtender
INFO: [VRFC 10-2263] Analyzing Verilog file "C:/Users/sunfl/verilog/MIPS/MIPS.srcs/sources_1/new/WB_Stage.v" into library xil_defaultlib
INFO: [VRFC 10-311] analyzing module WB_Stage
INFO: [VRFC 10-2263] Analyzing Verilog file "C:/Users/sunfl/verilog/MIPS/MIPS.srcs/sources_1/new/branch_adder.v" into library xil_defaultlib
INFO: [VRFC 10-311] analyzing module Branch_adder
INFO: [VRFC 10-2263] Analyzing Verilog file "C:/Users/sunfl/verilog/MIPS/MIPS.srcs/sources_1/new/pc_4.v" into library xil_defaultlib
INFO: [VRFC 10-311] analyzing module pc_4
INFO: [VRFC 10-2263] Analyzing Verilog file "C:/Users/sunfl/verilog/MIPS/MIPS.srcs/sources_1/new/pipe_mips.v" into library xil_defaultlib
INFO: [VRFC 10-311] analyzing module pipe_mips
